// Jest Snapshot v1, https://goo.gl/fbAQLP

exports[`<App /> matches snapshot 1`] = `
<div>
  <div>
    <div>
      <h3>
        State Capital Lookup
      </h3>
      <input
        name="search"
        placeholder="Search Capital"
        type="text"
      />
    </div>
    <div />
  </div>
</div>
`;
